
> pfad@0.0.0 test:browser
> playwright test

[WebServer] (node:63269) Warning: The 'NO_COLOR' env is ignored due to the 'FORCE_COLOR' env being set.
[WebServer] (Use `node --trace-warnings ...` to show where the warning was created)


Running 68 tests using 2 workers

(node:63274) Warning: The 'NO_COLOR' env is ignored due to the 'FORCE_COLOR' env being set.
(Use `node --trace-warnings ...` to show where the warning was created)


(node:63273) Warning: The 'NO_COLOR' env is ignored due to the 'FORCE_COLOR' env being set.
(Use `node --trace-warnings ...` to show where the warning was created)


[1/68] [chromium] › e2e/ambient.spec.ts:4:1 › ambient retreats without trapping touch or keyboard controls, and Escape restores the study
[2/68] [chromium] › e2e/ambient.spec.ts:51:1 › ambient binds genuine journeys, reuses loaded chunks, and exits into the current study
[3/68] [chromium] › e2e/ambient.spec.ts:86:1 › reduced-motion ambient presents completed stills and requires explicit Next
[4/68] [chromium] › e2e/ambient.spec.ts:125:1 › sequence pause suspends one continuous score; hidden return needs explicit actions
[5/68] [chromium] › e2e/astar.spec.ts:11:1 › A* reveals a real goal-directed search, restores paused frames and preserves the route across mode changes
[6/68] [chromium] › e2e/bidirectional.spec.ts:18:1 › bidirectional Dijkstra: two real fronts render their meeting light, preserve a paused frame and honour reduced motion
[7/68] [chromium] › e2e/bidirectional.spec.ts:18:1 › bidirectional A*: two real fronts render their meeting light, preserve a paused frame and honour reduced motion
[8/68] [chromium] › e2e/breadth-first.spec.ts:2:1 › breadth-first replays real traversal, seeks reversibly and shares its mode
[9/68] [chromium] › e2e/countries.spec.ts:4:1 › country downloads are opt-in, pinned, and switching back restores the bundled Swiss study
[10/68] [chromium] › e2e/depth-first.spec.ts:2:1 › depth-first replays real traversal, seeks reversibly and shares its mode
[11/68] [chromium] › e2e/drawing.spec.ts:3:1 › drawing restores its recorded frame and geographic context after GPU context loss
[12/68] [chromium] › e2e/geography.spec.ts:5:3 › desktop outline controls › verified outlines can be toggled while roads are still downloading
[13/68] [chromium] › e2e/geography.spec.ts:28:1 › failed external outlines leave genuine road searches available and can be retried
[14/68] [chromium] › e2e/greedy.spec.ts:4:1 › greedy displays real coral exploration, reversible replay and an honest first-found route
[15/68] [chromium] › e2e/greedy.spec.ts:50:1 › greedy naturally ends the search and reveals its route before resting
[16/68] [chromium] › e2e/keyboard.spec.ts:16:1 › map shortcuts play once, scrub real events and respect duration
[17/68] [chromium] › e2e/keyboard.spec.ts:53:1 › timeline shortcuts work without doubling native input and preserve other controls and busy states
[18/68] [chromium] › e2e/loading.spec.ts:4:1 › verified chunks survive a failed opening and reload without chunk requests
[19/68] [chromium] › e2e/music.spec.ts:26:1 › real audio is opt-in, bounded and independent of search replay
[20/68] [chromium] › e2e/music.spec.ts:85:1 › failed music can be retried while the real map remains usable
[21/68] [chromium] › e2e/music.spec.ts:98:1 › all encoded sketches and the three musical joins have headroom and no cut at the seam
[22/68] [chromium] › e2e/records.spec.ts:8:1 › native URL follows journey and camera edits, stays fixed during replay, and reloads with autoplay
[23/68] [chromium] › e2e/records.spec.ts:71:1 › shared journeys autoplay, legacy frames resume, reduced motion shows the result, and exports retain genuine events
[24/68] [chromium] › e2e/records.spec.ts:126:1 › unavailable releases are explicit errors, and a UK link asks before any graph download
[25/68] [chromium] › e2e/sharing-metadata.spec.ts:3:1 › a crawler receives the built sharing head and image without JavaScript or graph loading
[26/68] [chromium] › e2e/study.spec.ts:10:1 › national search, reverse seeking and another pair of endpoints
[27/68] [chromium] › e2e/study.spec.ts:55:1 › swapping endpoints binds Genève to Zürich to the real worker result
[28/68] [chromium] › e2e/study.spec.ts:66:1 › reduced motion opens the completed trace without autoplay
[29/68] [chromium] › e2e/study.spec.ts:75:1 › the completed route reveals, pauses and settles without advancing search events
[30/68] [chromium] › e2e/territories.spec.ts:4:1 › ambient introduces three real territories, shares their sources and returns to journey controls
[31/68] [chromium] › e2e/territories.spec.ts:47:1 › territories replay genuine events forward and backward, then hold without route animation
[32/68] [chromium] › e2e/time.spec.ts:2:1 › estimated time retains distance, model labels and reversible replay
[33/68] [chromium] › e2e/watch.spec.ts:5:3 › watch mode hides controls and restores focus
[34/68] [chromium] › e2e/watch.spec.ts:5:3 › watch mode hides controls and restores focus without browser fullscreen
(node:63527) Warning: The 'NO_COLOR' env is ignored due to the 'FORCE_COLOR' env being set.
(Use `node --trace-warnings ...` to show where the warning was created)


[35/68] [webkit-mobile] › e2e/ambient.spec.ts:4:1 › ambient retreats without trapping touch or keyboard controls, and Escape restores the study
(node:63544) Warning: The 'NO_COLOR' env is ignored due to the 'FORCE_COLOR' env being set.
(Use `node --trace-warnings ...` to show where the warning was created)


[36/68] [webkit-mobile] › e2e/ambient.spec.ts:51:1 › ambient binds genuine journeys, reuses loaded chunks, and exits into the current study
[37/68] [webkit-mobile] › e2e/ambient.spec.ts:86:1 › reduced-motion ambient presents completed stills and requires explicit Next
[38/68] [webkit-mobile] › e2e/ambient.spec.ts:125:1 › sequence pause suspends one continuous score; hidden return needs explicit actions
[39/68] [webkit-mobile] › e2e/astar.spec.ts:11:1 › A* reveals a real goal-directed search, restores paused frames and preserves the route across mode changes
[40/68] [webkit-mobile] › e2e/bidirectional.spec.ts:18:1 › bidirectional Dijkstra: two real fronts render their meeting light, preserve a paused frame and honour reduced motion
[41/68] [webkit-mobile] › e2e/bidirectional.spec.ts:18:1 › bidirectional A*: two real fronts render their meeting light, preserve a paused frame and honour reduced motion
[42/68] [webkit-mobile] › e2e/breadth-first.spec.ts:2:1 › breadth-first replays real traversal, seeks reversibly and shares its mode
[43/68] [webkit-mobile] › e2e/countries.spec.ts:4:1 › country downloads are opt-in, pinned, and switching back restores the bundled Swiss study
[44/68] [webkit-mobile] › e2e/depth-first.spec.ts:2:1 › depth-first replays real traversal, seeks reversibly and shares its mode
[45/68] [webkit-mobile] › e2e/drawing.spec.ts:3:1 › drawing restores its recorded frame and geographic context after GPU context loss
[46/68] [webkit-mobile] › e2e/geography.spec.ts:5:3 › desktop outline controls › verified outlines can be toggled while roads are still downloading
[47/68] [webkit-mobile] › e2e/geography.spec.ts:28:1 › failed external outlines leave genuine road searches available and can be retried
[48/68] [webkit-mobile] › e2e/greedy.spec.ts:4:1 › greedy displays real coral exploration, reversible replay and an honest first-found route
[49/68] [webkit-mobile] › e2e/greedy.spec.ts:50:1 › greedy naturally ends the search and reveals its route before resting
[50/68] [webkit-mobile] › e2e/keyboard.spec.ts:16:1 › map shortcuts play once, scrub real events and respect duration
[51/68] [webkit-mobile] › e2e/keyboard.spec.ts:53:1 › timeline shortcuts work without doubling native input and preserve other controls and busy states
[52/68] [webkit-mobile] › e2e/loading.spec.ts:4:1 › verified chunks survive a failed opening and reload without chunk requests
[53/68] [webkit-mobile] › e2e/music.spec.ts:26:1 › real audio is opt-in, bounded and independent of search replay
[54/68] [webkit-mobile] › e2e/music.spec.ts:85:1 › failed music can be retried while the real map remains usable
[55/68] [webkit-mobile] › e2e/music.spec.ts:98:1 › all encoded sketches and the three musical joins have headroom and no cut at the seam
[56/68] [webkit-mobile] › e2e/records.spec.ts:8:1 › native URL follows journey and camera edits, stays fixed during replay, and reloads with autoplay
[57/68] [webkit-mobile] › e2e/records.spec.ts:71:1 › shared journeys autoplay, legacy frames resume, reduced motion shows the result, and exports retain genuine events
[58/68] [webkit-mobile] › e2e/records.spec.ts:126:1 › unavailable releases are explicit errors, and a UK link asks before any graph download
[59/68] [webkit-mobile] › e2e/sharing-metadata.spec.ts:3:1 › a crawler receives the built sharing head and image without JavaScript or graph loading
[60/68] [webkit-mobile] › e2e/study.spec.ts:10:1 › national search, reverse seeking and another pair of endpoints
[61/68] [webkit-mobile] › e2e/study.spec.ts:55:1 › swapping endpoints binds Genève to Zürich to the real worker result
[62/68] [webkit-mobile] › e2e/study.spec.ts:66:1 › reduced motion opens the completed trace without autoplay
[63/68] [webkit-mobile] › e2e/study.spec.ts:75:1 › the completed route reveals, pauses and settles without advancing search events
[64/68] [webkit-mobile] › e2e/territories.spec.ts:4:1 › ambient introduces three real territories, shares their sources and returns to journey controls
[65/68] [webkit-mobile] › e2e/territories.spec.ts:47:1 › territories replay genuine events forward and backward, then hold without route animation
[66/68] [webkit-mobile] › e2e/time.spec.ts:2:1 › estimated time retains distance, model labels and reversible replay
[67/68] [webkit-mobile] › e2e/watch.spec.ts:5:3 › watch mode hides controls and restores focus
[68/68] [webkit-mobile] › e2e/watch.spec.ts:5:3 › watch mode hides controls and restores focus without browser fullscreen
  68 passed (2.5m)
