
> pfad@0.0.0 check
> npm run typecheck && npm run lint && npm run check:boundary && npm test && npm run build && npm run check:budget


> pfad@0.0.0 typecheck
> tsc -p .


> pfad@0.0.0 lint
> oxlint src scripts tests


> pfad@0.0.0 check:boundary
> node scripts/check-boundary.mjs

PFAD uses pinned npm releases and declared public imports.

> pfad@0.0.0 test
> vitest run


 RUN  v5.0.3 /Users/louisemmett/Developer/Projects/pfad/.cache/trace-integration/snapshot


 Test Files  32 passed (32)
      Tests  132 passed (132)
   Start at  17:11:39
   Duration  7.62s (tests 94%, import 4%, transform 1%)


> pfad@0.0.0 build
> tsc -p . && vite build

vite v8.3.1 building client environment for production...
transforming...
✓ 64 modules transformed.
rendering chunks...
computing gzip size...
dist/index.html                                            4.17 kB │ gzip:   1.29 kB
dist/assets/dm-mono-latin-ext-300-BuDy3u5l.woff2           5.69 kB
dist/assets/dm-mono-latin-ext-400-6Ueb-rnm.woff2           5.70 kB
dist/assets/dm-mono-latin-ext-500-CjZzJZmm.woff2           5.70 kB
dist/assets/dm-mono-latin-300-DEO3AUAz.woff2               8.63 kB
dist/assets/dm-mono-latin-400-5TJO7pqc.woff2               8.68 kB
dist/assets/dm-mono-latin-500-CO0PTrKB.woff2               8.72 kB
dist/assets/inter-vietnamese-400-600-YEzCLjIM.woff2       10.28 kB
dist/assets/inter-greek-ext-400-600-Ai74Rjx-.woff2        11.27 kB
dist/assets/inter-cyrillic-400-600-C5ekK6td.woff2         18.74 kB
dist/assets/inter-greek-400-600-BQL42Lnq.woff2            19.04 kB
dist/assets/inter-cyrillic-ext-400-600-Cpd2YT5r.woff2     25.84 kB
dist/assets/search.worker-C8EaqAe4.js                     33.51 kB
dist/assets/inter-latin-400-600-8kRkwJBP.woff2            48.43 kB
dist/assets/inter-latin-ext-400-600-B_-bZUTo.woff2        85.27 kB
dist/assets/plateau-uRhqmTAo.m4a                       1,099.53 kB
dist/assets/afterglow-DgIsBdZU.m4a                     1,167.26 kB
dist/assets/contours-HlsvsgT6.m4a                      1,206.82 kB
dist/assets/index-5ao0hd8B.css                            22.40 kB │ gzip:   5.41 kB
dist/assets/index-DlL-ELAV.js                            934.44 kB │ gzip: 256.96 kB

✓ built in 202ms
[plugin builtin:vite-reporter]
(!) Some chunks are larger than 500 kB after minification. Consider:
- Using dynamic import() to code-split the application
- Use build.rolldownOptions.output.codeSplitting to improve chunking: https://rolldown.rs/reference/OutputOptions.codeSplitting
- Adjust chunk size limit for this warning via build.chunkSizeWarningLimit.

> pfad@0.0.0 check:budget
> node scripts/check-budget.mjs

PFAD study: 57 files, 28995143 bytes (includes optional source evidence)
