
> pfad@0.0.0 check
> npm run typecheck && npm run lint && npm run check:boundary && npm test && npm run build && npm run check:budget


> pfad@0.0.0 typecheck
> tsc -p .


> pfad@0.0.0 lint
> oxlint src scripts tests


> pfad@0.0.0 check:boundary
> node scripts/check-boundary.mjs

PFAD uses pinned npm releases and declared public imports.

> pfad@0.0.0 test
> vitest run


 RUN  v5.0.3 /Users/louisemmett/Developer/Projects/pfad/.cache/replay-optimization/app-tree


 Test Files  27 passed (27)
      Tests  106 passed (106)
   Start at  09:44:46
   Duration  9.37s (tests 93%, import 5%, transform 2%)


> pfad@0.0.0 build
> tsc -p . && vite build

vite v8.3.1 building client environment for production...
transforming...
✓ 57 modules transformed.
rendering chunks...
computing gzip size...
dist/index.html                                            4.17 kB │ gzip:   1.29 kB
dist/assets/dm-mono-latin-ext-300-BuDy3u5l.woff2           5.69 kB
dist/assets/dm-mono-latin-ext-400-6Ueb-rnm.woff2           5.70 kB
dist/assets/dm-mono-latin-ext-500-CjZzJZmm.woff2           5.70 kB
dist/assets/dm-mono-latin-300-DEO3AUAz.woff2               8.63 kB
dist/assets/dm-mono-latin-400-5TJO7pqc.woff2               8.68 kB
dist/assets/dm-mono-latin-500-CO0PTrKB.woff2               8.72 kB
dist/assets/inter-vietnamese-400-600-YEzCLjIM.woff2       10.28 kB
dist/assets/inter-greek-ext-400-600-Ai74Rjx-.woff2        11.27 kB
dist/assets/inter-cyrillic-400-600-C5ekK6td.woff2         18.74 kB
dist/assets/inter-greek-400-600-BQL42Lnq.woff2            19.04 kB
dist/assets/inter-cyrillic-ext-400-600-Cpd2YT5r.woff2     25.84 kB
dist/assets/search.worker-B8zDvjTv.js                     28.76 kB
dist/assets/inter-latin-400-600-8kRkwJBP.woff2            48.43 kB
dist/assets/inter-latin-ext-400-600-B_-bZUTo.woff2        85.27 kB
dist/assets/plateau-uRhqmTAo.m4a                       1,099.53 kB
dist/assets/afterglow-DgIsBdZU.m4a                     1,167.26 kB
dist/assets/contours-HlsvsgT6.m4a                      1,206.82 kB
dist/assets/index-D0JFsQ6h.css                            22.06 kB │ gzip:   5.32 kB
dist/assets/index-Bric6pki.js                            893.54 kB │ gzip: 245.29 kB

✓ built in 214ms
[plugin builtin:vite-reporter]
(!) Some chunks are larger than 500 kB after minification. Consider:
- Using dynamic import() to code-split the application
- Use build.rolldownOptions.output.codeSplitting to improve chunking: https://rolldown.rs/reference/OutputOptions.codeSplitting
- Adjust chunk size limit for this warning via build.chunkSizeWarningLimit.

> pfad@0.0.0 check:budget
> node scripts/check-budget.mjs

PFAD study: 57 files, 28949147 bytes (includes optional source evidence)
