
> pfad@0.0.0 test:browser
> playwright test

[WebServer] (node:21080) Warning: The 'NO_COLOR' env is ignored due to the 'FORCE_COLOR' env being set.
[WebServer] (Use `node --trace-warnings ...` to show where the warning was created)


Running 64 tests using 2 workers

(node:21082) Warning: The 'NO_COLOR' env is ignored due to the 'FORCE_COLOR' env being set.
(Use `node --trace-warnings ...` to show where the warning was created)


(node:21081) Warning: The 'NO_COLOR' env is ignored due to the 'FORCE_COLOR' env being set.
(Use `node --trace-warnings ...` to show where the warning was created)


[1/64] [chromium] › e2e/ambient.spec.ts:4:1 › ambient retreats without trapping touch or keyboard controls, and Escape restores the study
[2/64] [chromium] › e2e/ambient.spec.ts:51:1 › ambient binds genuine journeys, reuses loaded chunks, and exits into the current study
[3/64] [chromium] › e2e/ambient.spec.ts:86:1 › reduced-motion ambient presents completed stills and requires explicit Next
[4/64] [chromium] › e2e/ambient.spec.ts:125:1 › sequence pause suspends one continuous score; hidden return needs explicit actions
[5/64] [chromium] › e2e/astar.spec.ts:11:1 › A* reveals a real goal-directed search, restores paused frames and preserves the route across mode changes
[6/64] [chromium] › e2e/bidirectional.spec.ts:18:1 › bidirectional Dijkstra: two real fronts render their meeting light, preserve a paused frame and honour reduced motion
[7/64] [chromium] › e2e/bidirectional.spec.ts:18:1 › bidirectional A*: two real fronts render their meeting light, preserve a paused frame and honour reduced motion
[8/64] [chromium] › e2e/breadth-first.spec.ts:2:1 › breadth-first replays real traversal, seeks reversibly and shares its mode
[9/64] [chromium] › e2e/countries.spec.ts:4:1 › country downloads are opt-in, pinned, and switching back restores the bundled Swiss study
[10/64] [chromium] › e2e/depth-first.spec.ts:2:1 › depth-first replays real traversal, seeks reversibly and shares its mode
[11/64] [chromium] › e2e/geography.spec.ts:5:3 › desktop outline controls › verified outlines can be toggled while roads are still downloading
[12/64] [chromium] › e2e/geography.spec.ts:28:1 › failed external outlines leave genuine road searches available and can be retried
[13/64] [chromium] › e2e/greedy.spec.ts:4:1 › greedy displays real coral exploration, reversible replay and an honest first-found route
[14/64] [chromium] › e2e/greedy.spec.ts:50:1 › greedy naturally ends the search and reveals its route before resting
[15/64] [chromium] › e2e/keyboard.spec.ts:16:1 › map shortcuts play once, scrub real events and respect duration
[16/64] [chromium] › e2e/keyboard.spec.ts:53:1 › timeline shortcuts work without doubling native input and preserve other controls and busy states
[17/64] [chromium] › e2e/loading.spec.ts:4:1 › verified chunks survive a failed opening and reload without chunk requests
[18/64] [chromium] › e2e/music.spec.ts:26:1 › real audio is opt-in, bounded and independent of search replay
[19/64] [chromium] › e2e/music.spec.ts:85:1 › failed music can be retried while the real map remains usable
[20/64] [chromium] › e2e/music.spec.ts:98:1 › all encoded sketches and the three musical joins have headroom and no cut at the seam
[21/64] [chromium] › e2e/records.spec.ts:8:1 › native URL follows journey and camera edits, stays fixed during replay, and reloads with autoplay
[22/64] [chromium] › e2e/records.spec.ts:71:1 › shared journeys autoplay, legacy frames resume, reduced motion shows the result, and exports retain genuine events
[23/64] [chromium] › e2e/records.spec.ts:126:1 › unavailable releases are explicit errors, and a UK link asks before any graph download
[24/64] [chromium] › e2e/sharing-metadata.spec.ts:3:1 › a crawler receives the built sharing head and image without JavaScript or graph loading
[25/64] [chromium] › e2e/study.spec.ts:10:1 › national search, reverse seeking and another pair of endpoints
[26/64] [chromium] › e2e/study.spec.ts:55:1 › swapping endpoints binds Genève to Zürich to the real worker result
[27/64] [chromium] › e2e/study.spec.ts:66:1 › reduced motion opens the completed trace without autoplay
[28/64] [chromium] › e2e/study.spec.ts:75:1 › the completed route reveals, pauses and settles without advancing search events
[29/64] [chromium] › e2e/territories.spec.ts:4:1 › ambient introduces three real territories, shares their sources and returns to journey controls
[30/64] [chromium] › e2e/territories.spec.ts:47:1 › territories replay genuine events forward and backward, then hold without route animation
[31/64] [chromium] › e2e/watch.spec.ts:5:3 › watch mode hides controls and restores focus
[32/64] [chromium] › e2e/watch.spec.ts:5:3 › watch mode hides controls and restores focus without browser fullscreen
(node:21260) Warning: The 'NO_COLOR' env is ignored due to the 'FORCE_COLOR' env being set.
(Use `node --trace-warnings ...` to show where the warning was created)


[33/64] [webkit-mobile] › e2e/ambient.spec.ts:4:1 › ambient retreats without trapping touch or keyboard controls, and Escape restores the study
(node:21273) Warning: The 'NO_COLOR' env is ignored due to the 'FORCE_COLOR' env being set.
(Use `node --trace-warnings ...` to show where the warning was created)


[34/64] [webkit-mobile] › e2e/ambient.spec.ts:51:1 › ambient binds genuine journeys, reuses loaded chunks, and exits into the current study
[35/64] [webkit-mobile] › e2e/ambient.spec.ts:86:1 › reduced-motion ambient presents completed stills and requires explicit Next
[36/64] [webkit-mobile] › e2e/ambient.spec.ts:125:1 › sequence pause suspends one continuous score; hidden return needs explicit actions
[37/64] [webkit-mobile] › e2e/astar.spec.ts:11:1 › A* reveals a real goal-directed search, restores paused frames and preserves the route across mode changes
[38/64] [webkit-mobile] › e2e/bidirectional.spec.ts:18:1 › bidirectional Dijkstra: two real fronts render their meeting light, preserve a paused frame and honour reduced motion
[39/64] [webkit-mobile] › e2e/bidirectional.spec.ts:18:1 › bidirectional A*: two real fronts render their meeting light, preserve a paused frame and honour reduced motion
[40/64] [webkit-mobile] › e2e/breadth-first.spec.ts:2:1 › breadth-first replays real traversal, seeks reversibly and shares its mode
[41/64] [webkit-mobile] › e2e/countries.spec.ts:4:1 › country downloads are opt-in, pinned, and switching back restores the bundled Swiss study
[42/64] [webkit-mobile] › e2e/depth-first.spec.ts:2:1 › depth-first replays real traversal, seeks reversibly and shares its mode
[43/64] [webkit-mobile] › e2e/geography.spec.ts:5:3 › desktop outline controls › verified outlines can be toggled while roads are still downloading
[44/64] [webkit-mobile] › e2e/geography.spec.ts:28:1 › failed external outlines leave genuine road searches available and can be retried
[45/64] [webkit-mobile] › e2e/greedy.spec.ts:4:1 › greedy displays real coral exploration, reversible replay and an honest first-found route
[46/64] [webkit-mobile] › e2e/greedy.spec.ts:50:1 › greedy naturally ends the search and reveals its route before resting
[47/64] [webkit-mobile] › e2e/keyboard.spec.ts:16:1 › map shortcuts play once, scrub real events and respect duration
[48/64] [webkit-mobile] › e2e/keyboard.spec.ts:53:1 › timeline shortcuts work without doubling native input and preserve other controls and busy states
[49/64] [webkit-mobile] › e2e/loading.spec.ts:4:1 › verified chunks survive a failed opening and reload without chunk requests
[50/64] [webkit-mobile] › e2e/music.spec.ts:26:1 › real audio is opt-in, bounded and independent of search replay
[51/64] [webkit-mobile] › e2e/music.spec.ts:85:1 › failed music can be retried while the real map remains usable
[52/64] [webkit-mobile] › e2e/music.spec.ts:98:1 › all encoded sketches and the three musical joins have headroom and no cut at the seam
[53/64] [webkit-mobile] › e2e/records.spec.ts:8:1 › native URL follows journey and camera edits, stays fixed during replay, and reloads with autoplay
[54/64] [webkit-mobile] › e2e/records.spec.ts:71:1 › shared journeys autoplay, legacy frames resume, reduced motion shows the result, and exports retain genuine events
[55/64] [webkit-mobile] › e2e/records.spec.ts:126:1 › unavailable releases are explicit errors, and a UK link asks before any graph download
[56/64] [webkit-mobile] › e2e/sharing-metadata.spec.ts:3:1 › a crawler receives the built sharing head and image without JavaScript or graph loading
[57/64] [webkit-mobile] › e2e/study.spec.ts:10:1 › national search, reverse seeking and another pair of endpoints
[58/64] [webkit-mobile] › e2e/study.spec.ts:55:1 › swapping endpoints binds Genève to Zürich to the real worker result
[59/64] [webkit-mobile] › e2e/study.spec.ts:66:1 › reduced motion opens the completed trace without autoplay
[60/64] [webkit-mobile] › e2e/study.spec.ts:75:1 › the completed route reveals, pauses and settles without advancing search events
[61/64] [webkit-mobile] › e2e/territories.spec.ts:4:1 › ambient introduces three real territories, shares their sources and returns to journey controls
[62/64] [webkit-mobile] › e2e/territories.spec.ts:47:1 › territories replay genuine events forward and backward, then hold without route animation
[63/64] [webkit-mobile] › e2e/watch.spec.ts:5:3 › watch mode hides controls and restores focus
[64/64] [webkit-mobile] › e2e/watch.spec.ts:5:3 › watch mode hides controls and restores focus without browser fullscreen
  64 passed (1.9m)
